---------------------------------------
Running on host: gpuk001.amarel.rutgers.edu
CUDA visible devices: 0
Conda environment: multimodal_posture
---------------------------------------
CUDA available: True
GPU: NVIDIA A100-PCIE-40GB
[INFO] Using config: config/depth_baseline.yaml
Epoch 01 | train_loss=2.7641, train_acc=0.2560 | val_loss=1.9617, val_acc=0.5209
  [*] New best val_acc=0.5209, checkpoint saved.
Epoch 02 | train_loss=1.6902, train_acc=0.6809 | val_loss=1.3214, val_acc=0.7209
  [*] New best val_acc=0.7209, checkpoint saved.
Epoch 03 | train_loss=1.0729, train_acc=0.8367 | val_loss=1.0469, val_acc=0.6837
Epoch 04 | train_loss=0.7072, train_acc=0.9239 | val_loss=0.8002, val_acc=0.8372
  [*] New best val_acc=0.8372, checkpoint saved.
Epoch 05 | train_loss=0.4549, train_acc=0.9666 | val_loss=0.7730, val_acc=0.8279
Epoch 06 | train_loss=0.2664, train_acc=0.9944 | val_loss=0.5923, val_acc=0.8558
  [*] New best val_acc=0.8558, checkpoint saved.
Epoch 07 | train_loss=0.2079, train_acc=0.9944 | val_loss=0.7730, val_acc=0.7860
Epoch 08 | train_loss=0.1442, train_acc=0.9981 | val_loss=0.5432, val_acc=0.8791
  [*] New best val_acc=0.8791, checkpoint saved.
Epoch 09 | train_loss=0.0967, train_acc=0.9963 | val_loss=0.5671, val_acc=0.8512
Epoch 10 | train_loss=0.0798, train_acc=1.0000 | val_loss=0.4534, val_acc=0.9070
  [*] New best val_acc=0.9070, checkpoint saved.
Epoch 11 | train_loss=0.0440, train_acc=1.0000 | val_loss=0.5647, val_acc=0.8558
Epoch 12 | train_loss=0.0397, train_acc=1.0000 | val_loss=0.6087, val_acc=0.8372
Epoch 13 | train_loss=0.0499, train_acc=0.9963 | val_loss=0.5244, val_acc=0.8651
Epoch 14 | train_loss=0.0294, train_acc=1.0000 | val_loss=0.5310, val_acc=0.8605
[INFO] Early stopping at epoch 14 (best epoch 10)
[TEST] loss=0.9877, acc=0.6729
[TEST] Confusion matrix:
 [[1 0 1 0 0 0 0 1 0 1 0 0 0 0 0 0 0 0 0 0 0 0 0 0 0 0 0]
 [0 4 0 0 0 0 0 0 0 0 0 0 0 0 0 0 0 0 0 0 0 0 0 0 0 0 0]
 [0 0 3 0 0 0 0 0 0 0 0 0 0 0 0 0 0 0 0 1 0 0 0 0 0 0 0]
 [0 0 0 3 0 0 0 0 0 0 0 0 0 0 0 1 0 0 0 0 0 0 0 0 0 0 0]
 [0 0 0 0 3 0 0 1 0 0 0 0 0 0 0 0 0 0 0 0 0 0 0 0 0 0 0]
 [0 0 0 2 0 1 0 0 0 0 0 0 0 0 0 1 0 0 0 0 0 0 0 0 0 0 0]
 [0 0 0 0 0 0 4 0 0 0 0 0 0 0 0 0 0 0 0 0 0 0 0 0 0 0 0]
 [0 0 0 0 0 0 0 4 0 0 0 0 0 0 0 0 0 0 0 0 0 0 0 0 0 0 0]
 [0 3 0 0 0 0 0 0 1 0 0 0 0 0 0 0 0 0 0 0 0 0 0 0 0 0 0]
 [0 0 0 0 0 0 0 0 0 4 0 0 0 0 0 0 0 0 0 0 0 0 0 0 0 0 0]
 [0 0 0 0 0 0 0 0 0 1 3 0 0 0 0 0 0 0 0 0 0 0 0 0 0 0 0]
 [0 0 0 0 0 0 0 0 0 0 0 4 0 0 0 0 0 0 0 0 0 0 0 0 0 0 0]
 [0 0 0 0 0 0 0 0 0 0 0 0 4 0 0 0 0 0 0 0 0 0 0 0 0 0 0]
 [0 0 0 0 0 0 0 0 0 0 0 0 0 4 0 0 0 0 0 0 0 0 0 0 0 0 0]
 [0 0 0 0 0 0 0 0 0 0 0 3 0 1 0 0 0 0 0 0 0 0 0 0 0 0 0]
 [1 0 0 0 0 2 0 0 0 0 0 0 0 0 0 1 0 0 0 0 0 0 0 0 0 0 0]
 [0 0 0 0 0 0 0 0 0 0 0 0 0 3 0 0 1 0 0 0 0 0 0 0 0 0 0]
 [0 0 0 0 0 3 0 0 0 0 0 0 0 0 0 0 0 1 0 0 0 0 0 0 0 0 0]
 [0 0 4 0 0 0 0 0 0 0 0 0 0 0 0 0 0 0 0 0 0 0 0 0 0 0 0]
 [0 1 3 0 0 0 0 0 0 0 0 0 0 0 0 0 0 0 0 0 0 0 0 0 0 0 0]
 [0 0 0 0 0 0 0 0 0 0 0 0 0 0 0 0 0 0 0 0 4 0 0 0 0 0 0]
 [0 0 0 0 0 0 0 0 0 0 0 0 0 0 0 0 0 0 0 0 0 4 0 0 0 0 0]
 [0 0 0 0 0 0 0 0 0 0 0 0 0 0 0 0 0 0 0 0 0 1 3 0 0 0 0]
 [0 0 0 0 0 0 0 0 0 0 0 0 0 0 0 0 0 0 0 0 0 0 0 4 0 0 0]
 [0 0 0 0 0 0 0 0 0 0 0 0 0 0 0 0 0 0 0 0 0 0 0 0 4 0 0]
 [0 0 0 0 0 0 0 0 0 0 0 0 0 0 0 0 0 0 0 0 0 0 0 0 0 4 0]
 [0 0 0 0 0 0 0 0 0 0 0 0 0 0 0 0 0 0 0 0 0 0 0 0 0 0 3]]
[INFO] Saved JSON results to /cache/home/rd935/multimodal_posture/results/depth_baseline/depth_baseline_results.json
[INFO] Saved confusion matrix heatmap to /cache/home/rd935/multimodal_posture/results/depth_baseline/depth_confusion_matrix.png
