---------------------------------------
Running on host: gpuk006.amarel.rutgers.edu
CUDA visible devices: 0
Conda environment: multimodal_posture
---------------------------------------
CUDA available: True
GPU: NVIDIA A100-PCIE-40GB
[INFO] Using config: config/fusion_core.yaml
[INFO] Using seed: 2
[DEBUG] Dataset sizes: train=539, val=215, test=107
[INFO] RGB train label counts: Counter({0: 259, 1: 180, 2: 100})
[INFO] RGB class weights: tensor([0.1989, 0.2861, 0.5150], device='cuda:0')
Epoch 01 | train_loss=1.0060, train_cls=0.9733, train_contrast=1.5313, train_acc=0.6364 | val_loss=0.9694, val_acc=0.8047
  [*] New best val_acc=0.8047, checkpoint saved.
Epoch 02 | train_loss=0.7465, train_cls=0.7176, train_contrast=1.3376, train_acc=0.8776 | val_loss=0.6562, val_acc=0.8512
  [*] New best val_acc=0.8512, checkpoint saved.
Epoch 03 | train_loss=0.5880, train_cls=0.5574, train_contrast=1.4243, train_acc=0.8776 | val_loss=0.6717, val_acc=0.7349
Epoch 04 | train_loss=0.4150, train_cls=0.3871, train_contrast=1.2904, train_acc=0.9499 | val_loss=0.6318, val_acc=0.8093
Epoch 05 | train_loss=0.3380, train_cls=0.3085, train_contrast=1.3693, train_acc=0.9592 | val_loss=0.4819, val_acc=0.8744
  [*] New best val_acc=0.8744, checkpoint saved.
Epoch 06 | train_loss=0.3286, train_cls=0.2984, train_contrast=1.4086, train_acc=0.9518 | val_loss=0.6053, val_acc=0.7953
Epoch 07 | train_loss=0.3215, train_cls=0.2897, train_contrast=1.4842, train_acc=0.9481 | val_loss=0.6759, val_acc=0.7395
Epoch 08 | train_loss=0.3030, train_cls=0.2717, train_contrast=1.4656, train_acc=0.9536 | val_loss=0.5344, val_acc=0.7953
Epoch 09 | train_loss=0.2701, train_cls=0.2392, train_contrast=1.4413, train_acc=0.9685 | val_loss=0.5381, val_acc=0.8233
Epoch 10 | train_loss=0.2182, train_cls=0.1904, train_contrast=1.2853, train_acc=0.9944 | val_loss=0.4935, val_acc=0.8233
Epoch 11 | train_loss=0.2128, train_cls=0.1857, train_contrast=1.2521, train_acc=0.9944 | val_loss=0.5455, val_acc=0.8140
Epoch 12 | train_loss=0.2038, train_cls=0.1771, train_contrast=1.2321, train_acc=1.0000 | val_loss=0.5299, val_acc=0.8047
Epoch 13 | train_loss=0.2878, train_cls=0.2582, train_contrast=1.3784, train_acc=0.9666 | val_loss=0.4424, val_acc=0.8651
Epoch 14 | train_loss=0.2161, train_cls=0.1883, train_contrast=1.2841, train_acc=0.9981 | val_loss=0.5645, val_acc=0.8465
Epoch 15 | train_loss=0.2139, train_cls=0.1869, train_contrast=1.2453, train_acc=0.9907 | val_loss=0.5576, val_acc=0.8093
Epoch 16 | train_loss=0.2405, train_cls=0.2113, train_contrast=1.3599, train_acc=0.9852 | val_loss=0.5257, val_acc=0.8419
Epoch 17 | train_loss=0.2176, train_cls=0.1897, train_contrast=1.2919, train_acc=0.9944 | val_loss=0.5921, val_acc=0.7721
Epoch 18 | train_loss=0.2123, train_cls=0.1853, train_contrast=1.2502, train_acc=0.9907 | val_loss=0.8804, val_acc=0.6512
Epoch 19 | train_loss=0.2249, train_cls=0.1971, train_contrast=1.2842, train_acc=0.9944 | val_loss=0.4269, val_acc=0.9070
  [*] New best val_acc=0.9070, checkpoint saved.
Epoch 20 | train_loss=0.2687, train_cls=0.2389, train_contrast=1.3879, train_acc=0.9759 | val_loss=0.5633, val_acc=0.8093
Epoch 21 | train_loss=0.2065, train_cls=0.1792, train_contrast=1.2649, train_acc=0.9981 | val_loss=0.5454, val_acc=0.8140
Epoch 22 | train_loss=0.2003, train_cls=0.1736, train_contrast=1.2306, train_acc=1.0000 | val_loss=0.4396, val_acc=0.8744
Epoch 23 | train_loss=0.2212, train_cls=0.1929, train_contrast=1.3110, train_acc=0.9907 | val_loss=0.3729, val_acc=0.9302
  [*] New best val_acc=0.9302, checkpoint saved.
Epoch 24 | train_loss=0.2222, train_cls=0.1938, train_contrast=1.3176, train_acc=0.9870 | val_loss=0.7355, val_acc=0.6977
Epoch 25 | train_loss=0.2158, train_cls=0.1879, train_contrast=1.2992, train_acc=0.9926 | val_loss=0.5141, val_acc=0.8140
Epoch 26 | train_loss=0.2253, train_cls=0.1951, train_contrast=1.4110, train_acc=0.9907 | val_loss=0.7674, val_acc=0.7209
Epoch 27 | train_loss=0.2239, train_cls=0.1958, train_contrast=1.3069, train_acc=0.9907 | val_loss=0.4867, val_acc=0.8047
Epoch 28 | train_loss=0.2134, train_cls=0.1853, train_contrast=1.3084, train_acc=0.9963 | val_loss=0.5903, val_acc=0.8140
Epoch 29 | train_loss=0.2065, train_cls=0.1799, train_contrast=1.2268, train_acc=0.9981 | val_loss=0.5541, val_acc=0.8000
Epoch 30 | train_loss=0.1998, train_cls=0.1735, train_contrast=1.2131, train_acc=1.0000 | val_loss=0.4800, val_acc=0.8279
Epoch 31 | train_loss=0.2086, train_cls=0.1823, train_contrast=1.2136, train_acc=0.9944 | val_loss=0.6059, val_acc=0.8140
Epoch 32 | train_loss=0.2137, train_cls=0.1856, train_contrast=1.3068, train_acc=0.9926 | val_loss=0.3912, val_acc=0.9163
Epoch 33 | train_loss=0.2081, train_cls=0.1809, train_contrast=1.2627, train_acc=0.9963 | val_loss=0.4708, val_acc=0.8884
Epoch 34 | train_loss=0.2062, train_cls=0.1790, train_contrast=1.2664, train_acc=0.9981 | val_loss=0.5415, val_acc=0.8465
Epoch 35 | train_loss=0.2207, train_cls=0.1909, train_contrast=1.3933, train_acc=0.9907 | val_loss=0.9652, val_acc=0.7721
Epoch 36 | train_loss=0.2484, train_cls=0.2148, train_contrast=1.5871, train_acc=0.9852 | val_loss=0.5855, val_acc=0.8233
Epoch 37 | train_loss=0.3284, train_cls=0.2938, train_contrast=1.6360, train_acc=0.9536 | val_loss=0.3590, val_acc=0.9070
Epoch 38 | train_loss=0.2428, train_cls=0.2096, train_contrast=1.5629, train_acc=0.9926 | val_loss=0.3177, val_acc=0.9302
Epoch 39 | train_loss=0.2249, train_cls=0.1940, train_contrast=1.4475, train_acc=0.9907 | val_loss=0.3334, val_acc=0.9163
Epoch 40 | train_loss=0.2357, train_cls=0.2057, train_contrast=1.4073, train_acc=0.9852 | val_loss=0.4905, val_acc=0.8465
Epoch 41 | train_loss=0.2173, train_cls=0.1886, train_contrast=1.3475, train_acc=0.9944 | val_loss=0.5583, val_acc=0.8140
Epoch 42 | train_loss=0.2198, train_cls=0.1904, train_contrast=1.3767, train_acc=0.9944 | val_loss=0.2980, val_acc=0.9535
  [*] New best val_acc=0.9535, checkpoint saved.
Epoch 43 | train_loss=0.2495, train_cls=0.2197, train_contrast=1.3931, train_acc=0.9814 | val_loss=0.4487, val_acc=0.8837
Epoch 44 | train_loss=0.2144, train_cls=0.1854, train_contrast=1.3522, train_acc=0.9944 | val_loss=0.4637, val_acc=0.8419
Epoch 45 | train_loss=0.2069, train_cls=0.1788, train_contrast=1.3074, train_acc=0.9963 | val_loss=0.3054, val_acc=0.9488
Epoch 46 | train_loss=0.2522, train_cls=0.2214, train_contrast=1.4457, train_acc=0.9703 | val_loss=0.6133, val_acc=0.7860
Epoch 47 | train_loss=0.2129, train_cls=0.1841, train_contrast=1.3466, train_acc=0.9926 | val_loss=0.6927, val_acc=0.7628
Epoch 48 | train_loss=0.2133, train_cls=0.1858, train_contrast=1.2813, train_acc=0.9926 | val_loss=0.5771, val_acc=0.7953
Epoch 49 | train_loss=0.2131, train_cls=0.1845, train_contrast=1.3385, train_acc=0.9944 | val_loss=0.7254, val_acc=0.7721
Epoch 50 | train_loss=0.2493, train_cls=0.2187, train_contrast=1.4371, train_acc=0.9796 | val_loss=0.3496, val_acc=0.9302
Epoch 51 | train_loss=0.2068, train_cls=0.1782, train_contrast=1.3327, train_acc=0.9981 | val_loss=0.3942, val_acc=0.8884
Epoch 52 | train_loss=0.2101, train_cls=0.1822, train_contrast=1.2980, train_acc=0.9963 | val_loss=0.5917, val_acc=0.8326
Epoch 53 | train_loss=0.2429, train_cls=0.2137, train_contrast=1.3671, train_acc=0.9852 | val_loss=0.6124, val_acc=0.8372
Epoch 54 | train_loss=0.2203, train_cls=0.1918, train_contrast=1.3372, train_acc=0.9944 | val_loss=0.5766, val_acc=0.8093
Epoch 55 | train_loss=0.1993, train_cls=0.1728, train_contrast=1.2364, train_acc=1.0000 | val_loss=0.4785, val_acc=0.8512
Epoch 56 | train_loss=0.2015, train_cls=0.1755, train_contrast=1.2088, train_acc=0.9981 | val_loss=0.4997, val_acc=0.8605
Epoch 57 | train_loss=0.2105, train_cls=0.1830, train_contrast=1.2859, train_acc=0.9981 | val_loss=0.6910, val_acc=0.7442
Epoch 58 | train_loss=0.2567, train_cls=0.2275, train_contrast=1.3771, train_acc=0.9777 | val_loss=0.6433, val_acc=0.8186
Epoch 59 | train_loss=0.2122, train_cls=0.1847, train_contrast=1.2851, train_acc=0.9944 | val_loss=0.6272, val_acc=0.8093
Epoch 60 | train_loss=0.2273, train_cls=0.1988, train_contrast=1.3356, train_acc=0.9889 | val_loss=0.3683, val_acc=0.9256
Epoch 61 | train_loss=0.2483, train_cls=0.2171, train_contrast=1.4703, train_acc=0.9759 | val_loss=0.5984, val_acc=0.7488
Epoch 62 | train_loss=0.2120, train_cls=0.1846, train_contrast=1.2837, train_acc=0.9944 | val_loss=0.5969, val_acc=0.8233
[INFO] Early stopping at epoch 62 (best epoch 42)
[INFO] Starting Stage-2 uncertainty fine-tune...
[FT] Epoch 01 | train_loss=0.1819, train_acc=0.9963 | val_loss=0.4109, val_acc=0.9535
[FT] Epoch 02 | train_loss=0.1771, train_acc=0.9981 | val_loss=0.3975, val_acc=0.9488
[FT] Epoch 03 | train_loss=0.1754, train_acc=1.0000 | val_loss=0.3964, val_acc=0.9488
[FT] Epoch 04 | train_loss=0.1789, train_acc=0.9944 | val_loss=0.3970, val_acc=0.9442
[FT] Epoch 05 | train_loss=0.1778, train_acc=0.9963 | val_loss=0.4008, val_acc=0.9488
[FT] Epoch 06 | train_loss=0.1779, train_acc=0.9981 | val_loss=0.4022, val_acc=0.9488
[FT] Early stopping fine-tune at epoch 6
[INFO] Fine-tune best val_acc=0.9535
[TEST] loss=0.3439, acc=0.9252
[TEST] Confusion matrix:
 [[51  1  0]
 [ 3 29  4]
 [ 0  0 19]]
[TEST] Mean modality attention (overall) [RGB, Depth]: [0.58810359 0.41189643]
[INFO] Saved JSON results to /cache/home/rd935/multimodal_posture/results/fusion_core/fusion_core_results.json
[INFO] Saved confusion matrix heatmap to /cache/home/rd935/multimodal_posture/results/fusion_core/fusion_core_confusion_matrix.png
[INFO] Saved attention heatmap to /cache/home/rd935/multimodal_posture/results/fusion_core/fusion_core_heatmap.png
