---------------------------------------
Running on host: gpuk001.amarel.rutgers.edu
CUDA visible devices: 2
Conda environment: multimodal_posture
---------------------------------------
CUDA available: True
GPU: NVIDIA A100-PCIE-40GB
[INFO] Using config: config/fusion_core.yaml
[INFO] Using seed: 2
[DEBUG] Dataset sizes: train=539, val=215, test=107
[INFO] Core fusion train label counts: Counter({0: 259, 1: 180, 2: 100})
[INFO] Core fusion class weights: tensor([0.1989, 0.2861, 0.5150], device='cuda:0')
Epoch 01 | train_loss=0.3154, train_cls=0.2947, train_contrast=0.9318, train_acc=0.6679 | val_loss=1.0929, val_acc=0.2512
  [*] New best val_acc=0.2512, checkpoint saved.
Epoch 02 | train_loss=0.2475, train_cls=0.2338, train_contrast=0.5826, train_acc=0.8126 | val_loss=0.7797, val_acc=0.8884
  [*] New best val_acc=0.8884, checkpoint saved.
Epoch 03 | train_loss=0.1846, train_cls=0.1699, train_contrast=0.6347, train_acc=0.8776 | val_loss=0.6029, val_acc=0.7860
Epoch 04 | train_loss=0.1302, train_cls=0.1133, train_contrast=0.7437, train_acc=0.9462 | val_loss=0.8727, val_acc=0.5860
Epoch 05 | train_loss=0.0978, train_cls=0.0812, train_contrast=0.7252, train_acc=0.9555 | val_loss=0.9931, val_acc=0.5907
Epoch 06 | train_loss=0.0918, train_cls=0.0755, train_contrast=0.7079, train_acc=0.9369 | val_loss=0.7783, val_acc=0.6698
Epoch 07 | train_loss=0.0852, train_cls=0.0676, train_contrast=0.7768, train_acc=0.9536 | val_loss=0.5368, val_acc=0.7860
Epoch 08 | train_loss=0.0815, train_cls=0.0652, train_contrast=0.7120, train_acc=0.9573 | val_loss=0.5901, val_acc=0.8419
Epoch 09 | train_loss=0.0685, train_cls=0.0535, train_contrast=0.6483, train_acc=0.9629 | val_loss=0.4573, val_acc=0.8326
Epoch 10 | train_loss=0.0512, train_cls=0.0393, train_contrast=0.4918, train_acc=0.9926 | val_loss=0.5442, val_acc=0.7442
Epoch 11 | train_loss=0.0476, train_cls=0.0356, train_contrast=0.4944, train_acc=0.9926 | val_loss=0.4002, val_acc=0.8744
Epoch 12 | train_loss=0.0443, train_cls=0.0340, train_contrast=0.4119, train_acc=0.9944 | val_loss=0.4991, val_acc=0.7628
Epoch 13 | train_loss=0.0709, train_cls=0.0586, train_contrast=0.5106, train_acc=0.9518 | val_loss=1.2052, val_acc=0.5442
Epoch 14 | train_loss=0.0561, train_cls=0.0423, train_contrast=0.5876, train_acc=0.9814 | val_loss=0.7259, val_acc=0.6651
Epoch 15 | train_loss=0.0585, train_cls=0.0448, train_contrast=0.5849, train_acc=0.9814 | val_loss=0.6304, val_acc=0.7070
Epoch 16 | train_loss=0.0546, train_cls=0.0430, train_contrast=0.4814, train_acc=0.9833 | val_loss=0.5944, val_acc=0.7535
Epoch 17 | train_loss=0.0624, train_cls=0.0488, train_contrast=0.5751, train_acc=0.9722 | val_loss=0.4890, val_acc=0.7628
Epoch 18 | train_loss=0.0474, train_cls=0.0357, train_contrast=0.4831, train_acc=0.9907 | val_loss=0.9638, val_acc=0.7163
Epoch 19 | train_loss=0.0480, train_cls=0.0367, train_contrast=0.4617, train_acc=0.9907 | val_loss=0.4937, val_acc=0.7953
Epoch 20 | train_loss=0.0584, train_cls=0.0452, train_contrast=0.5546, train_acc=0.9777 | val_loss=0.6483, val_acc=0.6884
Epoch 21 | train_loss=0.0433, train_cls=0.0334, train_contrast=0.3943, train_acc=0.9944 | val_loss=0.7138, val_acc=0.6837
Epoch 22 | train_loss=0.0399, train_cls=0.0309, train_contrast=0.3465, train_acc=0.9944 | val_loss=0.6727, val_acc=0.7395
[INFO] Early stopping at epoch 22 (best epoch 2)
[INFO] Starting Stage-2 uncertainty fine-tune...
[INFO] Starting uncertainty fine-tuning stage...
[FT] Epoch 01 | train_loss=0.1818, train_acc=0.8516 | val_loss=0.6954, val_acc=0.9023
[FT] Epoch 02 | train_loss=0.1571, train_acc=0.8905 | val_loss=0.6992, val_acc=0.8140
[FT] Epoch 03 | train_loss=0.1343, train_acc=0.9091 | val_loss=0.6246, val_acc=0.8233
[FT] Epoch 04 | train_loss=0.1188, train_acc=0.9054 | val_loss=0.6696, val_acc=0.7070
[FT] Epoch 05 | train_loss=0.1051, train_acc=0.9165 | val_loss=0.5147, val_acc=0.8558
[FT] Epoch 06 | train_loss=0.0983, train_acc=0.9165 | val_loss=0.4750, val_acc=0.8698
[FT] Early stopping fine-tune at epoch 6 (best epoch 1)
[INFO] Fine-tune best val_acc=0.9023
[TEST] loss=0.6058, acc=0.9159
[TEST] Confusion matrix:
 [[52  0  0]
 [ 5 27  4]
 [ 0  0 19]]
[TEST] Mean modality attention (overall) [RGB, Depth]: [0.5116694  0.48833066]
[INFO] Saved JSON results to /cache/home/rd935/multimodal_posture/results/fusion_core/fusion_core_results.json
[INFO] Saved confusion matrix heatmap to /cache/home/rd935/multimodal_posture/results/fusion_core/fusion_core_confusion_matrix.png
[INFO] Saved attention heatmap to /cache/home/rd935/multimodal_posture/results/fusion_core/fusion_core_heatmap.png
