---------------------------------------
Running on host: gpuk001.amarel.rutgers.edu
CUDA visible devices: 1
Conda environment: multimodal_posture
---------------------------------------
CUDA available: True
GPU: NVIDIA A100-PCIE-40GB
[INFO] Using config: config/fusion_early.yaml
[INFO] RGB train label counts: Counter({0: 259, 1: 180, 2: 100})
[INFO] RGB class weights: tensor([0.1989, 0.2861, 0.5150], device='cuda:0')
Epoch 01 | train_loss=0.9681, train_acc=0.7440 | val_loss=0.9842, val_acc=0.5814
  [*] New best val_acc=0.5814, checkpoint saved.
Epoch 02 | train_loss=0.6643, train_acc=0.8701 | val_loss=0.9233, val_acc=0.5860
  [*] New best val_acc=0.5860, checkpoint saved.
Epoch 03 | train_loss=0.4891, train_acc=0.8887 | val_loss=0.4571, val_acc=0.8930
  [*] New best val_acc=0.8930, checkpoint saved.
Epoch 04 | train_loss=0.3626, train_acc=0.9425 | val_loss=0.6394, val_acc=0.7860
Epoch 05 | train_loss=0.3215, train_acc=0.9443 | val_loss=0.3318, val_acc=0.9721
  [*] New best val_acc=0.9721, checkpoint saved.
Epoch 06 | train_loss=0.2766, train_acc=0.9722 | val_loss=0.4613, val_acc=0.9023
Epoch 07 | train_loss=0.2765, train_acc=0.9592 | val_loss=1.0003, val_acc=0.6558
Epoch 08 | train_loss=0.2890, train_acc=0.9555 | val_loss=0.7195, val_acc=0.6930
Epoch 09 | train_loss=0.2500, train_acc=0.9796 | val_loss=0.8131, val_acc=0.7674
Epoch 10 | train_loss=0.3055, train_acc=0.9481 | val_loss=0.3525, val_acc=0.9349
[INFO] Early stopping at epoch 10 (best epoch 5)
[TEST] loss=0.3940, acc=0.9159
[TEST] Confusion matrix:
 [[51  1  0]
 [ 4 28  4]
 [ 0  0 19]]
[INFO] Saved JSON results to /cache/home/rd935/multimodal_posture/results/fusion_early/fusion_early_results.json
[INFO] Saved confusion matrix heatmap to /cache/home/rd935/multimodal_posture/results/fusion_early/fusion_early_confusion_matrix.png
