---------------------------------------
Running on host: gpuk001.amarel.rutgers.edu
CUDA visible devices: 0
Conda environment: multimodal_posture
---------------------------------------
CUDA available: True
GPU: NVIDIA A100-PCIE-40GB
[INFO] Using config: config/fusion_attention.yaml
[DEBUG] Dataset sizes: train=539, val=215, test=107
Epoch 01 | train_loss=3.2911, train_acc=0.0853 | val_loss=3.2615, val_acc=0.2000
  [*] New best val_acc=0.2000, checkpoint saved.
Epoch 02 | train_loss=3.2179, train_acc=0.3284 | val_loss=3.1788, val_acc=0.4558
  [*] New best val_acc=0.4558, checkpoint saved.
Epoch 03 | train_loss=3.1096, train_acc=0.5269 | val_loss=3.1023, val_acc=0.4419
Epoch 04 | train_loss=2.9632, train_acc=0.5918 | val_loss=2.9383, val_acc=0.4744
  [*] New best val_acc=0.4744, checkpoint saved.
Epoch 05 | train_loss=2.7829, train_acc=0.6252 | val_loss=2.7492, val_acc=0.5674
  [*] New best val_acc=0.5674, checkpoint saved.
Epoch 06 | train_loss=2.6055, train_acc=0.6160 | val_loss=2.5878, val_acc=0.6930
  [*] New best val_acc=0.6930, checkpoint saved.
Epoch 07 | train_loss=2.4000, train_acc=0.6753 | val_loss=2.4463, val_acc=0.5349
Epoch 08 | train_loss=2.2364, train_acc=0.7050 | val_loss=2.3736, val_acc=0.5256
Epoch 09 | train_loss=2.0688, train_acc=0.7774 | val_loss=2.1548, val_acc=0.6651
Epoch 10 | train_loss=1.9191, train_acc=0.7959 | val_loss=2.0297, val_acc=0.7256
  [*] New best val_acc=0.7256, checkpoint saved.
Epoch 11 | train_loss=1.7952, train_acc=0.8126 | val_loss=1.9483, val_acc=0.7256
Epoch 12 | train_loss=1.6633, train_acc=0.8850 | val_loss=1.8473, val_acc=0.7163
Epoch 13 | train_loss=1.5525, train_acc=0.9072 | val_loss=1.7049, val_acc=0.7674
  [*] New best val_acc=0.7674, checkpoint saved.
Epoch 14 | train_loss=1.4718, train_acc=0.9351 | val_loss=1.7084, val_acc=0.7256
Epoch 15 | train_loss=1.3730, train_acc=0.9462 | val_loss=1.5673, val_acc=0.7860
  [*] New best val_acc=0.7860, checkpoint saved.
Epoch 16 | train_loss=1.2787, train_acc=0.9666 | val_loss=1.5220, val_acc=0.8186
  [*] New best val_acc=0.8186, checkpoint saved.
Epoch 17 | train_loss=1.2131, train_acc=0.9796 | val_loss=1.4949, val_acc=0.8186
Epoch 18 | train_loss=1.1511, train_acc=0.9833 | val_loss=1.4573, val_acc=0.8140
Epoch 19 | train_loss=1.0852, train_acc=0.9963 | val_loss=1.4359, val_acc=0.7674
Epoch 20 | train_loss=1.0361, train_acc=0.9981 | val_loss=1.4177, val_acc=0.8140
Epoch 21 | train_loss=1.0724, train_acc=0.9796 | val_loss=1.5258, val_acc=0.7349
Epoch 22 | train_loss=1.0080, train_acc=0.9907 | val_loss=1.2199, val_acc=0.8837
  [*] New best val_acc=0.8837, checkpoint saved.
Epoch 23 | train_loss=0.9341, train_acc=0.9963 | val_loss=1.2801, val_acc=0.8465
Epoch 24 | train_loss=0.9052, train_acc=1.0000 | val_loss=1.3321, val_acc=0.8140
Epoch 25 | train_loss=0.8696, train_acc=1.0000 | val_loss=1.2931, val_acc=0.8605
Epoch 26 | train_loss=0.8576, train_acc=0.9981 | val_loss=1.2628, val_acc=0.8651
Epoch 27 | train_loss=0.8362, train_acc=1.0000 | val_loss=1.1644, val_acc=0.8884
  [*] New best val_acc=0.8884, checkpoint saved.
Epoch 28 | train_loss=0.8255, train_acc=1.0000 | val_loss=1.1446, val_acc=0.8698
Epoch 29 | train_loss=0.8082, train_acc=1.0000 | val_loss=1.1767, val_acc=0.8651
Epoch 30 | train_loss=0.8005, train_acc=1.0000 | val_loss=1.1427, val_acc=0.8744
[TEST] loss=1.1009, acc=0.8692
[TEST] Confusion matrix:
 [[4 0 0 0 0 0 0 0 0 0 0 0 0 0 0 0 0 0 0 0 0 0 0 0 0 0 0]
 [0 4 0 0 0 0 0 0 0 0 0 0 0 0 0 0 0 0 0 0 0 0 0 0 0 0 0]
 [3 0 1 0 0 0 0 0 0 0 0 0 0 0 0 0 0 0 0 0 0 0 0 0 0 0 0]
 [0 0 0 4 0 0 0 0 0 0 0 0 0 0 0 0 0 0 0 0 0 0 0 0 0 0 0]
 [0 0 0 0 3 0 0 1 0 0 0 0 0 0 0 0 0 0 0 0 0 0 0 0 0 0 0]
 [0 0 0 0 0 4 0 0 0 0 0 0 0 0 0 0 0 0 0 0 0 0 0 0 0 0 0]
 [0 0 0 0 0 0 4 0 0 0 0 0 0 0 0 0 0 0 0 0 0 0 0 0 0 0 0]
 [0 0 0 0 0 0 0 4 0 0 0 0 0 0 0 0 0 0 0 0 0 0 0 0 0 0 0]
 [0 3 0 0 0 0 0 0 1 0 0 0 0 0 0 0 0 0 0 0 0 0 0 0 0 0 0]
 [0 0 0 0 0 0 0 1 0 3 0 0 0 0 0 0 0 0 0 0 0 0 0 0 0 0 0]
 [0 0 0 0 0 0 0 1 0 0 1 0 0 0 0 0 0 0 0 2 0 0 0 0 0 0 0]
 [0 0 0 0 0 0 0 0 0 0 0 4 0 0 0 0 0 0 0 0 0 0 0 0 0 0 0]
 [0 0 0 0 0 0 0 0 0 0 0 0 4 0 0 0 0 0 0 0 0 0 0 0 0 0 0]
 [0 0 0 0 0 0 0 0 0 0 0 0 0 4 0 0 0 0 0 0 0 0 0 0 0 0 0]
 [0 0 0 0 0 0 0 0 0 0 0 0 0 1 3 0 0 0 0 0 0 0 0 0 0 0 0]
 [0 0 0 0 0 0 0 0 0 0 0 0 0 0 0 4 0 0 0 0 0 0 0 0 0 0 0]
 [0 0 0 0 0 0 0 0 0 0 0 0 0 1 0 0 3 0 0 0 0 0 0 0 0 0 0]
 [0 0 0 0 0 0 0 0 0 0 0 0 0 0 0 0 0 4 0 0 0 0 0 0 0 0 0]
 [0 0 0 0 0 0 0 0 0 0 0 0 0 0 0 0 0 0 4 0 0 0 0 0 0 0 0]
 [0 0 0 0 0 0 0 1 0 0 0 0 0 0 0 0 0 0 0 3 0 0 0 0 0 0 0]
 [0 0 0 0 0 0 0 0 0 0 0 0 0 0 0 0 0 0 0 0 4 0 0 0 0 0 0]
 [0 0 0 0 0 0 0 0 0 0 0 0 0 0 0 0 0 0 0 0 0 4 0 0 0 0 0]
 [0 0 0 0 0 0 0 0 0 0 0 0 0 0 0 0 0 0 0 0 0 0 4 0 0 0 0]
 [0 0 0 0 0 0 0 0 0 0 0 0 0 0 0 0 0 0 0 0 0 0 0 4 0 0 0]
 [0 0 0 0 0 0 0 0 0 0 0 0 0 0 0 0 0 0 0 0 0 0 0 0 4 0 0]
 [0 0 0 0 0 0 0 0 0 0 0 0 0 0 0 0 0 0 0 0 0 0 0 0 0 4 0]
 [0 0 0 0 0 0 0 0 0 0 0 0 0 0 0 0 0 0 0 0 0 0 0 0 0 0 3]]
[TEST] Mean modality attention (overall) [RGB, Depth]: [0.19406486 0.80593514]
[INFO] Saved JSON results to /cache/home/rd935/multimodal_posture/results/fusion_attention/fusion_attention_results.json
[INFO] Saved confusion matrix heatmap to /cache/home/rd935/multimodal_posture/results/fusion_attention/fusion_attention_confusion_matrix.png
[INFO] Saved attention heatmap to /cache/home/rd935/multimodal_posture/results/fusion_attention/fusion_attention_heatmap.png
