---------------------------------------
Running on host: gpuk001.amarel.rutgers.edu
CUDA visible devices: 3
Conda environment: multimodal_posture
---------------------------------------
CUDA available: True
GPU: NVIDIA A100-PCIE-40GB
[INFO] Using config: config/fusion_attention.yaml
[INFO] Using seed: 41
[DEBUG] Dataset sizes: train=431, val=215, test=215
[INFO] Train label counts: Counter({0: 208, 1: 144, 2: 79})
[INFO] Class weights: tensor([0.1970, 0.2845, 0.5186], device='cuda:0')
Epoch 01 | train_loss=1.0196, train_acc=0.6102 | val_loss=0.9943, val_acc=0.7209
  [*] New best val_acc=0.7209, checkpoint saved.
Epoch 02 | train_loss=0.8031, train_acc=0.8515 | val_loss=0.8184, val_acc=0.7163
Epoch 03 | train_loss=0.5898, train_acc=0.9026 | val_loss=0.5715, val_acc=0.8837
  [*] New best val_acc=0.8837, checkpoint saved.
Epoch 04 | train_loss=0.3595, train_acc=0.9559 | val_loss=0.6974, val_acc=0.7023
Epoch 05 | train_loss=0.2866, train_acc=0.9327 | val_loss=0.5541, val_acc=0.7721
Epoch 06 | train_loss=0.2201, train_acc=0.9490 | val_loss=0.8909, val_acc=0.6326
Epoch 07 | train_loss=0.1723, train_acc=0.9559 | val_loss=0.4327, val_acc=0.8465
Epoch 08 | train_loss=0.1466, train_acc=0.9559 | val_loss=0.6756, val_acc=0.7953
Epoch 09 | train_loss=0.0908, train_acc=0.9814 | val_loss=0.6048, val_acc=0.7767
Epoch 10 | train_loss=0.0710, train_acc=0.9814 | val_loss=0.3461, val_acc=0.8837
[INFO] Early stopping at epoch 10 (best epoch 3)
[TEST] loss=0.5034, acc=0.9581, macro_F1=0.9621
[INFO] Saved JSON results to /cache/home/rd935/multimodal_posture/results/fusion_attention/fusion_attention_results_seed41.json
[INFO] Saved confusion matrix heatmap to /cache/home/rd935/multimodal_posture/results/fusion_attention/fusion_attention_confusion_matrix_seed41.png
[INFO] Saved attention heatmap to /cache/home/rd935/multimodal_posture/results/fusion_attention/fusion_attention_heatmap_seed41.png
