---------------------------------------
Running on host: gpuk003.amarel.rutgers.edu
CUDA visible devices: 0
Conda environment: multimodal_posture
---------------------------------------
CUDA available: True
GPU: NVIDIA A100-PCIE-40GB
[INFO] Using config: config/fusion_core_uncertainty.yaml
[INFO] Using seed: 43
[DEBUG] Dataset sizes: train=431, val=215, test=215
[INFO] Core fusion train label counts: Counter({0: 208, 1: 144, 2: 79})
[INFO] Core fusion class weights (sqrt-inv): tensor([0.2615, 0.3143, 0.4243], device='cuda:0')
Epoch 01 | train_loss=0.3287, train_cls=0.3273, train_contrast=0.0000, train_unc=0.9572, train_acc=0.6589 | val_loss=1.0036, val_acc=0.6744
  [*] New best val_acc=0.6744, checkpoint saved.
Epoch 02 | train_loss=0.2896, train_cls=0.2882, train_contrast=0.0000, train_unc=0.9835, train_acc=0.8167 | val_loss=0.9031, val_acc=0.9023
  [*] New best val_acc=0.9023, checkpoint saved.
Epoch 03 | train_loss=0.2545, train_cls=0.2531, train_contrast=0.0000, train_unc=1.0080, train_acc=0.8515 | val_loss=0.8140, val_acc=0.8744
Epoch 04 | train_loss=0.2190, train_cls=0.2176, train_contrast=0.0000, train_unc=1.0341, train_acc=0.8863 | val_loss=0.7159, val_acc=0.8279
Epoch 05 | train_loss=0.1844, train_cls=0.1831, train_contrast=0.0000, train_unc=1.0783, train_acc=0.9002 | val_loss=0.9444, val_acc=0.4977
Epoch 06 | train_loss=0.1547, train_cls=0.1534, train_contrast=0.0000, train_unc=1.1041, train_acc=0.9466 | val_loss=0.6832, val_acc=0.8419
Epoch 07 | train_loss=0.1425, train_cls=0.1413, train_contrast=0.0000, train_unc=1.1544, train_acc=0.9490 | val_loss=0.5882, val_acc=0.8930
Epoch 08 | train_loss=0.1231, train_cls=0.1220, train_contrast=0.0000, train_unc=1.1108, train_acc=0.9768 | val_loss=0.9843, val_acc=0.6698
Epoch 09 | train_loss=0.1240, train_cls=0.1229, train_contrast=0.0000, train_unc=1.1652, train_acc=0.9606 | val_loss=0.6528, val_acc=0.8419
Epoch 10 | train_loss=0.1437, train_cls=0.1427, train_contrast=0.0000, train_unc=1.1697, train_acc=0.9258 | val_loss=0.5504, val_acc=0.8837
[INFO] Early stopping at epoch 10 (best epoch 2)
[TEST] loss=0.9111, acc=0.8512, macro_F1=0.8544
[INFO] Saved JSON results to /cache/home/rd935/multimodal_posture/results/ablations/attn_uncertainty/fusion_core_uncertainty_results_seed43.json
[INFO] Saved confusion matrix heatmap to /cache/home/rd935/multimodal_posture/results/ablations/attn_uncertainty/fusion_core_uncertainty_confusion_matrix_seed43.png
