---------------------------------------
Running on host: gpuk001.amarel.rutgers.edu
CUDA visible devices: 0
Conda environment: multimodal_posture
---------------------------------------
CUDA available: True
GPU: NVIDIA A100-PCIE-40GB
[INFO] Using config: config/fusion_core.yaml
[INFO] Using seed: 42
[DEBUG] Dataset sizes: train=539, val=215, test=107
[INFO] Core fusion train label counts: Counter({0: 259, 1: 180, 2: 100})
[INFO] Core fusion class weights: tensor([0.1989, 0.2861, 0.5150], device='cuda:0')
Epoch 01 | train_loss=0.3055, train_cls=0.2926, train_contrast=1.2219, train_acc=0.5714 | val_loss=0.9515, val_acc=0.8047
  [*] New best val_acc=0.8047, checkpoint saved.
Epoch 02 | train_loss=0.2318, train_cls=0.2216, train_contrast=0.9571, train_acc=0.8386 | val_loss=0.9012, val_acc=0.6884
Epoch 03 | train_loss=0.1587, train_cls=0.1455, train_contrast=1.2437, train_acc=0.9091 | val_loss=0.5189, val_acc=0.8791
  [*] New best val_acc=0.8791, checkpoint saved.
Epoch 04 | train_loss=0.1032, train_cls=0.0892, train_contrast=1.3285, train_acc=0.9573 | val_loss=0.4205, val_acc=0.9116
  [*] New best val_acc=0.9116, checkpoint saved.
Epoch 05 | train_loss=0.0748, train_cls=0.0610, train_contrast=1.3094, train_acc=0.9555 | val_loss=0.8515, val_acc=0.6419
Epoch 06 | train_loss=0.0668, train_cls=0.0530, train_contrast=1.3136, train_acc=0.9629 | val_loss=0.7307, val_acc=0.6651
Epoch 07 | train_loss=0.0653, train_cls=0.0511, train_contrast=1.3439, train_acc=0.9462 | val_loss=0.6671, val_acc=0.7023
Epoch 08 | train_loss=0.0683, train_cls=0.0532, train_contrast=1.4456, train_acc=0.9462 | val_loss=1.4316, val_acc=0.5256
Epoch 09 | train_loss=0.0552, train_cls=0.0408, train_contrast=1.3752, train_acc=0.9703 | val_loss=0.3545, val_acc=0.8884
Epoch 10 | train_loss=0.0405, train_cls=0.0276, train_contrast=1.2184, train_acc=0.9852 | val_loss=0.4247, val_acc=0.8465
Epoch 11 | train_loss=0.0640, train_cls=0.0491, train_contrast=1.4213, train_acc=0.9499 | val_loss=0.8317, val_acc=0.6465
Epoch 12 | train_loss=0.0430, train_cls=0.0293, train_contrast=1.2998, train_acc=0.9852 | val_loss=0.5048, val_acc=0.8140
[INFO] Early stopping at epoch 12 (best epoch 4)
[INFO] Starting Stage-2 uncertainty fine-tune...
[INFO] Starting uncertainty fine-tuning stage...
[FT] Epoch 01 | train_loss=0.0718, train_acc=0.9351 | val_loss=0.3692, val_acc=0.9163
[FT] Epoch 02 | train_loss=0.0554, train_acc=0.9573 | val_loss=0.3510, val_acc=0.9209
[FT] Epoch 03 | train_loss=0.0533, train_acc=0.9425 | val_loss=0.3903, val_acc=0.8791
[FT] Epoch 04 | train_loss=0.0502, train_acc=0.9369 | val_loss=0.3602, val_acc=0.8930
[FT] Epoch 05 | train_loss=0.0418, train_acc=0.9573 | val_loss=0.3879, val_acc=0.8651
[FT] Early stopping fine-tune at epoch 5 (best epoch 2)
[INFO] Fine-tune best val_acc=0.9209
[TEST] loss=0.3461, acc=0.8785
[TEST] Confusion matrix:
 [[52  0  0]
 [ 9 23  4]
 [ 0  0 19]]
[TEST] Mean modality attention (overall) [RGB, Depth]: [0.51002604 0.489974  ]
[INFO] Saved JSON results to /cache/home/rd935/multimodal_posture/results/fusion_core/fusion_core_results.json
[INFO] Saved confusion matrix heatmap to /cache/home/rd935/multimodal_posture/results/fusion_core/fusion_core_confusion_matrix.png
[INFO] Saved attention heatmap to /cache/home/rd935/multimodal_posture/results/fusion_core/fusion_core_heatmap.png
