---------------------------------------
Running on host: gpuk001.amarel.rutgers.edu
CUDA visible devices: 2
Conda environment: multimodal_posture
---------------------------------------
CUDA available: True
GPU: NVIDIA A100-PCIE-40GB
[INFO] Using config: config/fusion_early.yaml
Epoch 01 | train_loss=3.2694, train_acc=0.1466 | val_loss=3.2123, val_acc=0.3814
  [*] New best val_acc=0.3814, checkpoint saved.
Epoch 02 | train_loss=3.1314, train_acc=0.4360 | val_loss=3.0955, val_acc=0.4419
  [*] New best val_acc=0.4419, checkpoint saved.
Epoch 03 | train_loss=2.9317, train_acc=0.6327 | val_loss=2.9077, val_acc=0.5814
  [*] New best val_acc=0.5814, checkpoint saved.
Epoch 04 | train_loss=2.6498, train_acc=0.7236 | val_loss=2.6180, val_acc=0.6419
  [*] New best val_acc=0.6419, checkpoint saved.
Epoch 05 | train_loss=2.3405, train_acc=0.7477 | val_loss=2.4364, val_acc=0.5442
Epoch 06 | train_loss=2.0360, train_acc=0.7885 | val_loss=2.2800, val_acc=0.5395
Epoch 07 | train_loss=1.7409, train_acc=0.8200 | val_loss=1.9458, val_acc=0.6279
Epoch 08 | train_loss=1.4905, train_acc=0.8312 | val_loss=1.7459, val_acc=0.6698
  [*] New best val_acc=0.6698, checkpoint saved.
Epoch 09 | train_loss=1.2827, train_acc=0.8924 | val_loss=1.6073, val_acc=0.6698
Epoch 10 | train_loss=1.0907, train_acc=0.9035 | val_loss=1.5234, val_acc=0.6000
Epoch 11 | train_loss=0.9279, train_acc=0.9443 | val_loss=1.3830, val_acc=0.6279
Epoch 12 | train_loss=0.7902, train_acc=0.9685 | val_loss=1.2212, val_acc=0.7163
  [*] New best val_acc=0.7163, checkpoint saved.
Epoch 13 | train_loss=0.6759, train_acc=0.9592 | val_loss=1.1890, val_acc=0.6930
Epoch 14 | train_loss=0.5770, train_acc=0.9889 | val_loss=1.1187, val_acc=0.7070
Epoch 15 | train_loss=0.5421, train_acc=0.9833 | val_loss=1.0666, val_acc=0.7535
  [*] New best val_acc=0.7535, checkpoint saved.
Epoch 16 | train_loss=0.3854, train_acc=0.9926 | val_loss=0.9672, val_acc=0.7535
Epoch 17 | train_loss=0.3168, train_acc=0.9981 | val_loss=0.9299, val_acc=0.7535
Epoch 18 | train_loss=0.2594, train_acc=0.9963 | val_loss=0.8173, val_acc=0.7907
  [*] New best val_acc=0.7907, checkpoint saved.
Epoch 19 | train_loss=0.2047, train_acc=1.0000 | val_loss=0.7944, val_acc=0.7860
Epoch 20 | train_loss=0.1721, train_acc=1.0000 | val_loss=0.7180, val_acc=0.8233
  [*] New best val_acc=0.8233, checkpoint saved.
[TEST] loss=0.5729, acc=0.8131
[TEST] Confusion matrix:
 [[4 0 0 0 0 0 0 0 0 0 0 0 0 0 0 0 0 0 0 0 0 0 0 0 0 0 0]
 [0 4 0 0 0 0 0 0 0 0 0 0 0 0 0 0 0 0 0 0 0 0 0 0 0 0 0]
 [3 0 1 0 0 0 0 0 0 0 0 0 0 0 0 0 0 0 0 0 0 0 0 0 0 0 0]
 [0 0 0 4 0 0 0 0 0 0 0 0 0 0 0 0 0 0 0 0 0 0 0 0 0 0 0]
 [0 0 0 0 4 0 0 0 0 0 0 0 0 0 0 0 0 0 0 0 0 0 0 0 0 0 0]
 [0 0 0 0 0 4 0 0 0 0 0 0 0 0 0 0 0 0 0 0 0 0 0 0 0 0 0]
 [0 0 0 0 0 0 4 0 0 0 0 0 0 0 0 0 0 0 0 0 0 0 0 0 0 0 0]
 [0 0 0 0 3 0 0 1 0 0 0 0 0 0 0 0 0 0 0 0 0 0 0 0 0 0 0]
 [0 4 0 0 0 0 0 0 0 0 0 0 0 0 0 0 0 0 0 0 0 0 0 0 0 0 0]
 [0 0 0 0 0 0 0 3 0 1 0 0 0 0 0 0 0 0 0 0 0 0 0 0 0 0 0]
 [0 0 0 0 0 0 0 1 0 0 1 0 0 0 0 0 0 0 0 2 0 0 0 0 0 0 0]
 [0 0 0 0 0 0 0 0 0 0 0 4 0 0 0 0 0 0 0 0 0 0 0 0 0 0 0]
 [0 0 0 0 0 0 0 0 0 0 0 0 4 0 0 0 0 0 0 0 0 0 0 0 0 0 0]
 [0 0 0 0 0 0 0 0 0 0 0 0 0 4 0 0 0 0 0 0 0 0 0 0 0 0 0]
 [0 0 0 0 0 0 0 0 0 0 0 0 0 0 4 0 0 0 0 0 0 0 0 0 0 0 0]
 [0 0 0 0 0 0 0 0 0 0 0 0 0 0 0 4 0 0 0 0 0 0 0 0 0 0 0]
 [0 0 0 0 0 0 0 0 0 0 0 0 0 4 0 0 0 0 0 0 0 0 0 0 0 0 0]
 [0 0 0 0 0 0 0 0 0 0 0 0 0 0 0 0 0 4 0 0 0 0 0 0 0 0 0]
 [0 0 0 0 0 0 0 0 0 0 0 0 0 0 0 0 0 0 4 0 0 0 0 0 0 0 0]
 [0 0 0 0 0 0 0 0 0 0 0 0 0 0 0 0 0 0 0 4 0 0 0 0 0 0 0]
 [0 0 0 0 0 0 0 0 0 0 0 0 0 0 0 0 0 0 0 0 4 0 0 0 0 0 0]
 [0 0 0 0 0 0 0 0 0 0 0 0 0 0 0 0 0 0 0 0 0 4 0 0 0 0 0]
 [0 0 0 0 0 0 0 0 0 0 0 0 0 0 0 0 0 0 0 0 0 0 4 0 0 0 0]
 [0 0 0 0 0 0 0 0 0 0 0 0 0 0 0 0 0 0 0 0 0 0 0 4 0 0 0]
 [0 0 0 0 0 0 0 0 0 0 0 0 0 0 0 0 0 0 0 0 0 0 0 0 4 0 0]
 [0 0 0 0 0 0 0 0 0 0 0 0 0 0 0 0 0 0 0 0 0 0 0 0 0 4 0]
 [0 0 0 0 0 0 0 0 0 0 0 0 0 0 0 0 0 0 0 0 0 0 0 0 0 0 3]]
[INFO] Saved JSON results to /cache/home/rd935/multimodal_posture/results/fusion_early/fusion_early_results.json
[INFO] Saved confusion matrix heatmap to /cache/home/rd935/multimodal_posture/results/fusion_early/fusion_early_confusion_matrix.png
