---------------------------------------
Running on host: gpuk001.amarel.rutgers.edu
CUDA visible devices: 2
Conda environment: multimodal_posture
---------------------------------------
CUDA available: True
GPU: NVIDIA A100-PCIE-40GB
[INFO] Using config: config/fusion_attention.yaml
[DEBUG] Dataset sizes: train=539, val=215, test=107
[INFO] RGB train label counts: Counter({0: 259, 1: 180, 2: 100})
[INFO] RGB class weights: tensor([0.1989, 0.2861, 0.5150], device='cuda:0')
Epoch 01 | train_loss=1.0428, train_acc=0.6327 | val_loss=0.9909, val_acc=0.8512
  [*] New best val_acc=0.8512, checkpoint saved.
Epoch 02 | train_loss=0.8284, train_acc=0.8646 | val_loss=0.8137, val_acc=0.8791
  [*] New best val_acc=0.8791, checkpoint saved.
Epoch 03 | train_loss=0.6255, train_acc=0.9091 | val_loss=0.6334, val_acc=0.9256
  [*] New best val_acc=0.9256, checkpoint saved.
Epoch 04 | train_loss=0.4918, train_acc=0.9369 | val_loss=0.7724, val_acc=0.7674
Epoch 05 | train_loss=0.4270, train_acc=0.9610 | val_loss=0.6674, val_acc=0.8093
Epoch 06 | train_loss=0.3986, train_acc=0.9610 | val_loss=0.7816, val_acc=0.8093
Epoch 07 | train_loss=0.4048, train_acc=0.9610 | val_loss=0.6055, val_acc=0.8930
Epoch 08 | train_loss=0.3919, train_acc=0.9685 | val_loss=0.5815, val_acc=0.8791
Epoch 09 | train_loss=0.3988, train_acc=0.9722 | val_loss=0.7096, val_acc=0.8140
Epoch 10 | train_loss=0.3571, train_acc=0.9944 | val_loss=0.5753, val_acc=0.9023
[INFO] Early stopping at epoch 10 (best epoch 3)
[TEST] loss=0.6049, acc=0.9252
[TEST] Confusion matrix:
 [[51  1  0]
 [ 3 32  1]
 [ 0  3 16]]
[TEST] Mean modality attention (overall) [RGB, Depth]: [0.49416983 0.50583017]
[INFO] Saved JSON results to /cache/home/rd935/multimodal_posture/results/fusion_attention/fusion_attention_results.json
[INFO] Saved confusion matrix heatmap to /cache/home/rd935/multimodal_posture/results/fusion_attention/fusion_attention_confusion_matrix.png
[INFO] Saved attention heatmap to /cache/home/rd935/multimodal_posture/results/fusion_attention/fusion_attention_heatmap.png
