---------------------------------------
Running on host: gpu015.amarel.rutgers.edu
CUDA visible devices: 2
Conda environment: multimodal_posture
---------------------------------------
CUDA available: True
GPU: NVIDIA A100-PCIE-40GB
[INFO] Using config: config/fusion_core.yaml
Epoch 01 | train_loss=4.2558, train_cls=4.0525, train_contrast=2.0734, train_acc=0.0390 | val_loss=3.2956, val_acc=0.0326
  [*] New best val_acc=0.0326, checkpoint saved.
Epoch 02 | train_loss=3.4189, train_cls=3.2113, train_contrast=2.0705, train_acc=0.0297 | val_loss=3.2945, val_acc=0.0326
Epoch 03 | train_loss=2.7007, train_cls=2.5491, train_contrast=1.4637, train_acc=0.0427 | val_loss=3.2949, val_acc=0.0372
  [*] New best val_acc=0.0372, checkpoint saved.
Epoch 04 | train_loss=2.1306, train_cls=2.0072, train_contrast=1.1346, train_acc=0.0519 | val_loss=3.2952, val_acc=0.0372
Epoch 05 | train_loss=1.7465, train_cls=1.6254, train_contrast=1.0692, train_acc=0.0278 | val_loss=3.2955, val_acc=0.0372
Epoch 06 | train_loss=1.4649, train_cls=1.3584, train_contrast=0.8878, train_acc=0.0315 | val_loss=3.2954, val_acc=0.0372
Epoch 07 | train_loss=1.2815, train_cls=1.1683, train_contrast=0.9249, train_acc=0.0427 | val_loss=3.2953, val_acc=0.0326
Epoch 08 | train_loss=1.1277, train_cls=1.0243, train_contrast=0.8005, train_acc=0.0353 | val_loss=3.2953, val_acc=0.0372
[INFO] Early stopping at epoch 8 (best epoch 3)
[TEST] loss=3.2937, acc=0.0374
[TEST] Confusion matrix:
 [[0 0 0 0 0 0 0 0 0 0 0 0 0 0 0 0 0 0 4 0 0 0 0 0 0 0 0]
 [0 0 0 0 0 0 0 0 0 0 0 0 0 0 0 0 0 0 4 0 0 0 0 0 0 0 0]
 [0 0 0 0 0 0 0 0 0 0 0 0 0 0 0 0 0 0 4 0 0 0 0 0 0 0 0]
 [0 0 0 0 0 0 0 0 0 0 0 0 0 0 0 0 0 0 4 0 0 0 0 0 0 0 0]
 [0 0 0 0 0 0 0 0 0 0 0 0 0 0 0 0 0 0 4 0 0 0 0 0 0 0 0]
 [0 0 0 0 0 0 0 0 0 0 0 0 0 0 0 0 0 0 4 0 0 0 0 0 0 0 0]
 [0 0 0 0 0 0 0 0 0 0 0 0 0 0 0 0 0 0 4 0 0 0 0 0 0 0 0]
 [0 0 0 0 0 0 0 0 0 0 0 0 0 0 0 0 0 0 4 0 0 0 0 0 0 0 0]
 [0 0 0 0 0 0 0 0 0 0 0 0 0 0 0 0 0 0 4 0 0 0 0 0 0 0 0]
 [0 0 0 0 0 0 0 0 0 0 0 0 0 0 0 0 0 0 4 0 0 0 0 0 0 0 0]
 [0 0 0 0 0 0 0 0 0 0 0 0 0 0 0 0 0 0 4 0 0 0 0 0 0 0 0]
 [0 0 0 0 0 0 0 0 0 0 0 0 0 0 0 0 0 0 0 0 0 0 4 0 0 0 0]
 [0 0 0 0 0 0 0 0 0 0 0 0 0 0 0 0 0 0 4 0 0 0 0 0 0 0 0]
 [0 0 0 0 0 0 0 0 0 0 0 0 0 0 0 0 0 0 0 0 0 0 4 0 0 0 0]
 [0 0 0 0 0 0 0 0 0 0 0 0 0 0 0 0 0 0 2 0 0 0 2 0 0 0 0]
 [0 0 0 0 0 0 0 0 0 0 0 0 0 0 0 0 0 0 0 0 0 0 4 0 0 0 0]
 [0 0 0 0 0 0 0 0 0 0 0 0 0 0 0 0 0 0 0 0 0 0 4 0 0 0 0]
 [0 0 0 0 0 0 0 0 0 0 0 0 0 0 0 0 0 0 0 0 0 0 4 0 0 0 0]
 [0 0 0 0 0 0 0 0 0 0 0 0 0 0 0 0 0 0 0 0 0 0 4 0 0 0 0]
 [0 0 0 0 0 0 0 0 0 0 0 0 0 0 0 0 0 0 0 0 0 0 4 0 0 0 0]
 [0 0 0 0 0 0 0 0 0 0 0 0 0 0 0 0 0 0 0 0 0 0 4 0 0 0 0]
 [0 0 0 0 0 0 0 0 0 0 0 0 0 0 0 0 0 0 0 0 0 0 4 0 0 0 0]
 [0 0 0 0 0 0 0 0 0 0 0 0 0 0 0 0 0 0 0 0 0 0 4 0 0 0 0]
 [0 0 0 0 0 0 0 0 0 0 0 0 0 0 0 0 0 0 0 0 0 0 4 0 0 0 0]
 [0 0 0 0 0 0 0 0 0 0 0 0 0 0 0 0 0 0 0 0 0 0 4 0 0 0 0]
 [0 0 0 0 0 0 0 0 0 0 0 0 0 0 0 0 0 0 0 0 0 0 4 0 0 0 0]
 [0 0 0 0 0 0 0 0 0 0 0 0 0 0 0 0 0 0 0 0 0 0 3 0 0 0 0]]
[TEST] Mean modality attention (overall) [RGB, Depth]: [0.5028456 0.4971544]
[TEST] Mean log-variance RGB: 0.4218197166919708
[TEST] Mean log-variance Depth: 0.3402685821056366
[INFO] Saved JSON results to /cache/home/rd935/multimodal_posture/results/fusion_core/fusion_core_results.json
[INFO] Saved confusion matrix heatmap to /cache/home/rd935/multimodal_posture/results/fusion_core/fusion_core_confusion_matrix.png
[INFO] Saved attention heatmap to /cache/home/rd935/multimodal_posture/results/fusion_core/fusion_core_attention_heatmap.png
