---------------------------------------
Running on host: gpuk001.amarel.rutgers.edu
CUDA visible devices: 3
Conda environment: multimodal_posture
---------------------------------------
CUDA available: True
GPU: NVIDIA A100-PCIE-40GB
[INFO] Using config: config/fusion_attention.yaml
[DEBUG] Dataset sizes: train=539, val=215, test=107
[INFO] RGB train label counts: Counter({0: 259, 1: 180, 2: 100})
[INFO] RGB class weights: tensor([0.1989, 0.2861, 0.5150], device='cuda:0')
Epoch 01 | train_loss=1.0103, train_acc=0.6920 | val_loss=0.9201, val_acc=0.8465
  [*] New best val_acc=0.8465, checkpoint saved.
Epoch 02 | train_loss=0.7849, train_acc=0.8683 | val_loss=0.7525, val_acc=0.8605
  [*] New best val_acc=0.8605, checkpoint saved.
Epoch 03 | train_loss=0.6164, train_acc=0.8868 | val_loss=0.6936, val_acc=0.7581
Epoch 04 | train_loss=0.4601, train_acc=0.9462 | val_loss=0.9678, val_acc=0.6186
Epoch 05 | train_loss=0.4237, train_acc=0.9388 | val_loss=0.8184, val_acc=0.5953
Epoch 06 | train_loss=0.3668, train_acc=0.9740 | val_loss=0.8855, val_acc=0.6837
Epoch 07 | train_loss=0.3927, train_acc=0.9518 | val_loss=0.5052, val_acc=0.9116
  [*] New best val_acc=0.9116, checkpoint saved.
Epoch 08 | train_loss=0.3476, train_acc=0.9777 | val_loss=0.5162, val_acc=0.8977
Epoch 09 | train_loss=0.3580, train_acc=0.9777 | val_loss=0.5339, val_acc=0.8605
Epoch 10 | train_loss=0.3518, train_acc=0.9759 | val_loss=0.5320, val_acc=0.8744
Epoch 11 | train_loss=0.3520, train_acc=0.9722 | val_loss=0.5297, val_acc=0.9023
Epoch 12 | train_loss=0.3191, train_acc=0.9944 | val_loss=0.5393, val_acc=0.8791
Epoch 13 | train_loss=0.3288, train_acc=0.9814 | val_loss=0.6587, val_acc=0.8419
Epoch 14 | train_loss=0.3248, train_acc=0.9907 | val_loss=0.5509, val_acc=0.8837
[INFO] Early stopping at epoch 14 (best epoch 7)
[TEST] loss=0.5359, acc=0.8879
[TEST] Confusion matrix:
 [[47  5  0]
 [ 0 36  0]
 [ 0  7 12]]
[TEST] Mean modality attention (overall) [RGB, Depth]: [0.50562734 0.49437266]
[INFO] Saved JSON results to /cache/home/rd935/multimodal_posture/results/fusion_attention/fusion_attention_results.json
[INFO] Saved confusion matrix heatmap to /cache/home/rd935/multimodal_posture/results/fusion_attention/fusion_attention_confusion_matrix.png
[INFO] Saved attention heatmap to /cache/home/rd935/multimodal_posture/results/fusion_attention/fusion_attention_heatmap.png
