---------------------------------------
Running on host: gpuk001.amarel.rutgers.edu
CUDA visible devices: 0
Conda environment: multimodal_posture
---------------------------------------
CUDA available: True
GPU: NVIDIA A100-PCIE-40GB
[INFO] Using config: config/rgb_baseline.yaml
[INFO] RGB train label counts: Counter({0: 259, 1: 180, 2: 100})
[INFO] RGB class weights: tensor([0.1989, 0.2861, 0.5150], device='cuda:0')
Epoch 01 | train_loss=0.6177, train_acc=0.7199 | val_loss=2.8351, val_acc=0.4605
  [*] New best val_acc=0.4605, checkpoint saved.
Epoch 02 | train_loss=0.3807, train_acc=0.8367 | val_loss=4.1839, val_acc=0.5581
  [*] New best val_acc=0.5581, checkpoint saved.
Epoch 03 | train_loss=0.1808, train_acc=0.9276 | val_loss=3.2684, val_acc=0.5488
Epoch 04 | train_loss=0.0965, train_acc=0.9759 | val_loss=3.5632, val_acc=0.4977
Epoch 05 | train_loss=0.1197, train_acc=0.9666 | val_loss=3.8928, val_acc=0.5349
Epoch 06 | train_loss=0.0548, train_acc=0.9833 | val_loss=4.7595, val_acc=0.5395
[INFO] Early stopping at epoch 6 (best epoch 2)
[TEST] loss=3.2057, acc=0.3458
[TEST] Confusion matrix:
 [[ 0 52  0]
 [ 0 36  0]
 [ 0 18  1]]
[INFO] Saved JSON results to /cache/home/rd935/multimodal_posture/results/rgb_baseline/rgb_baseline_results.json
[INFO] Saved confusion matrix heatmap to /cache/home/rd935/multimodal_posture/results/rgb_baseline/rgb_confusion_matrix.png
