---------------------------------------
Running on host: gpuk001.amarel.rutgers.edu
CUDA visible devices: 1
Conda environment: multimodal_posture
---------------------------------------
CUDA available: True
GPU: NVIDIA A100-PCIE-40GB
[INFO] Using config: config/rgb_baseline.yaml
Epoch 01 | train_loss=2.8354, train_acc=0.2078 | val_loss=2.6940, val_acc=0.2047
  [*] New best val_acc=0.2047, checkpoint saved.
Epoch 02 | train_loss=1.6887, train_acc=0.5566 | val_loss=2.4172, val_acc=0.2884
  [*] New best val_acc=0.2884, checkpoint saved.
Epoch 03 | train_loss=1.0242, train_acc=0.7384 | val_loss=2.3597, val_acc=0.2698
Epoch 04 | train_loss=0.7120, train_acc=0.8108 | val_loss=2.6977, val_acc=0.3256
  [*] New best val_acc=0.3256, checkpoint saved.
Epoch 05 | train_loss=0.5259, train_acc=0.8609 | val_loss=2.4093, val_acc=0.3953
  [*] New best val_acc=0.3953, checkpoint saved.
Epoch 06 | train_loss=0.3740, train_acc=0.8961 | val_loss=2.4171, val_acc=0.3628
Epoch 07 | train_loss=0.3023, train_acc=0.9184 | val_loss=2.7333, val_acc=0.3256
Epoch 08 | train_loss=0.2282, train_acc=0.9351 | val_loss=2.4329, val_acc=0.2791
Epoch 09 | train_loss=0.1736, train_acc=0.9629 | val_loss=2.3686, val_acc=0.3302
[INFO] Early stopping at epoch 9 (best epoch 5)
[TEST] loss=2.6383, acc=0.2897
[TEST] Confusion matrix:
 [[0 0 0 0 4 0 0 0 0 0 0 0 0 0 0 0 0 0 0 0 0 0 0 0 0 0 0]
 [0 1 0 0 3 0 0 0 0 0 0 0 0 0 0 0 0 0 0 0 0 0 0 0 0 0 0]
 [0 0 0 0 4 0 0 0 0 0 0 0 0 0 0 0 0 0 0 0 0 0 0 0 0 0 0]
 [0 0 0 4 0 0 0 0 0 0 0 0 0 0 0 0 0 0 0 0 0 0 0 0 0 0 0]
 [0 0 0 0 4 0 0 0 0 0 0 0 0 0 0 0 0 0 0 0 0 0 0 0 0 0 0]
 [0 0 0 4 0 0 0 0 0 0 0 0 0 0 0 0 0 0 0 0 0 0 0 0 0 0 0]
 [0 0 0 0 4 0 0 0 0 0 0 0 0 0 0 0 0 0 0 0 0 0 0 0 0 0 0]
 [0 0 0 0 4 0 0 0 0 0 0 0 0 0 0 0 0 0 0 0 0 0 0 0 0 0 0]
 [0 0 0 0 4 0 0 0 0 0 0 0 0 0 0 0 0 0 0 0 0 0 0 0 0 0 0]
 [0 0 0 0 4 0 0 0 0 0 0 0 0 0 0 0 0 0 0 0 0 0 0 0 0 0 0]
 [0 0 0 0 4 0 0 0 0 0 0 0 0 0 0 0 0 0 0 0 0 0 0 0 0 0 0]
 [0 0 0 0 0 0 0 0 0 0 0 4 0 0 0 0 0 0 0 0 0 0 0 0 0 0 0]
 [0 0 0 0 4 0 0 0 0 0 0 0 0 0 0 0 0 0 0 0 0 0 0 0 0 0 0]
 [0 0 0 0 0 0 0 0 0 0 0 0 0 4 0 0 0 0 0 0 0 0 0 0 0 0 0]
 [0 0 0 0 0 0 0 0 0 0 0 0 0 0 4 0 0 0 0 0 0 0 0 0 0 0 0]
 [0 0 0 0 0 0 0 0 0 0 0 0 0 0 4 0 0 0 0 0 0 0 0 0 0 0 0]
 [0 0 0 0 0 0 0 0 0 0 0 0 0 0 4 0 0 0 0 0 0 0 0 0 0 0 0]
 [0 0 0 0 0 0 0 0 0 0 0 0 0 4 0 0 0 0 0 0 0 0 0 0 0 0 0]
 [0 0 0 0 0 0 0 0 0 0 0 0 0 0 4 0 0 0 0 0 0 0 0 0 0 0 0]
 [0 0 0 0 0 0 0 0 0 0 0 0 0 0 4 0 0 0 0 0 0 0 0 0 0 0 0]
 [0 0 0 0 0 0 0 0 0 0 0 4 0 0 0 0 0 0 0 0 0 0 0 0 0 0 0]
 [0 0 0 0 0 0 0 0 0 0 0 0 0 0 4 0 0 0 0 0 0 0 0 0 0 0 0]
 [0 0 0 0 0 0 0 0 0 0 0 0 0 0 4 0 0 0 0 0 0 0 0 0 0 0 0]
 [0 0 0 0 0 0 0 0 0 0 0 0 0 0 0 0 0 0 0 0 0 0 0 0 4 0 0]
 [0 0 0 0 0 0 0 0 0 0 0 0 0 0 0 0 0 0 0 0 0 0 0 1 3 0 0]
 [0 0 0 0 0 0 0 0 0 0 0 0 0 0 0 0 0 0 0 0 0 0 0 0 0 4 0]
 [0 0 0 0 0 0 0 0 0 0 0 0 0 0 0 0 0 0 0 0 0 0 0 0 0 0 3]]
[INFO] Saved JSON results to /cache/home/rd935/multimodal_posture/results/rgb_baseline/rgb_baseline_results.json
[INFO] Saved confusion matrix heatmap to /cache/home/rd935/multimodal_posture/results/rgb_baseline/rgb_confusion_matrix.png
